// Jest Snapshot v1, https://goo.gl/fbAQLP

exports[`happy 1`] = `
Object {
  "add": "It adds \`a\` and \`b\`. It doesn't work with strings, as the inputs are parsed to numbers before calculation.

This is test",
  "adjust": "It replaces \`index\` in array \`list\` with the result of \`replaceFn(arr[i])\`.",
}
`;
