dtslint@0.0.182
